max_provinces = 1043
sea_starts = 809
definitions = "definition.csv"
provinces = "provinces.bmp"
positions = "positions.txt"
terrain = "terrain.bmp"
rivers = "rivers.bmp"
terrain_definition = "terrain.txt"
heightmap = "topology.bmp"
tree_definition = "trees.bmp"
continent = "continent.txt"
adjacencies = "adjacencies.csv"
climate = "climate.txt"
region = "region.txt"
static = "static.txt"

# Define which indices in trees.bmp palette which should count as trees for automatic terrain assignment
tree = { 3 4 7 10 }
major_rivers = 
{ 
#Greatwing
819
817
818
816
809
#Zebzeben River; connects to Lake Strippas (968)
967
968
969
970
971
972
#Changeling Rivers
973
974
975
976
#Neighle
977
978
979
980
981
982
983
984
985
#Sadalid River; connects to Marecca Sea (989)
986
987
988
989
#Talonberis; connects to Maregian Sea (991,992)
990
991
992
#Redwing River
993
994
995
996
#Griflble River
997
998
999
1000
1001
1002
#Iceka
1003
#North Griffon River
1004
1005
#Diamond Hills River
1006
1007
1008
1009
1010
1011
1012
#Crystal River; connects to Lake Iceglass (1010, 1011, 1012)
1013
1014
1015
#River Saddle
1016
1017
1018
1019
1020
1021
1022
#Amzebos
1023
2024
#River Equus; connects to Everlake (1041) and Lake Neighagra (1024)
1025
1026
1027
1028
1029
1030
#Hay River
1031
1032
1033
1034
#Pre Zebrica Rivers
1035
1036
}