max_provinces = 1037
# stats:  1036 provinces
# unused:
definitions = "definition.csv"
provinces = "provinces.bmp"
positions = "positions.txt"
terrain = "terrain.bmp"
rivers = "rivers.bmp"
terrain_definition = "terrain.txt"
heightmap = "topology.bmp"
tree_definition = "trees.bmp"
continent = "continent.txt"
adjacencies = "adjacencies.csv"
climate = "climate.txt"
region = "region.txt"
static = "static.txt"
seasons = "seasons.txt"

sea_zones = { 797 1019 }

ocean_region = {	# Great Ocean
	sea_zones = { 1 }
}

# Define which indices in trees.bmp palette which should count as trees for automatic terrain assignment
tree = { 3 4 7 10 }

major_rivers = 
{
	# Great Ocean
	802  #Amzebos
	803  #Changinus
	845 846 847 848 849 850  #Crystal River
	841 842 843 844  #Diamond
	860 861 862 863 864 865 866  #Equus
	837 838 839 840  #Greatwing
	875 876 877 878 879 880 881  #Griffking
	828 829 830 831 832 833  #Grifleb
	867 868 869 870 871  #Hay River
	804 805 806  #Hibrodarbis
	836  #Iceka
	807 808 809 810 811 812 813 814 815 816  #Neighle
	834 835  #Nor
	824 825 826 827  #Redwing
	817 818 819 820  #Sadalid
	851 852 853 854 855 856 857 858 859  #Saddle River
	821 822 823  #Trotberiam
	873 874  #Ungala
	872  #Zebnyati
	797 798 799 800 801  #Zebzeben
	
	# Lakes
	1013 # Lake 1
	1014 # Lake 2
	1015 # Lake 3
	1016 # Lake 4
	1017 # Lake 5
	1018 # Lake 6
	1019 # Lake 7

}