max_provinces = 1022
definitions = "definition.csv"
provinces = "provinces.bmp"
positions = "positions.txt"
terrain = "terrain.bmp"
rivers = "rivers.bmp"
terrain_definition = "terrain.txt"
heightmap = "topology.bmp"
tree_definition = "trees.bmp"
continent = "continent.txt"
adjacencies = "adjacencies.csv"
climate = "climate.txt"
region = "region.txt"
static = "static.txt"
seasons = "season.txt"

# All Seas
sea_zones = { 797 1012 }

ocean_region = {	# All Oceans
	sea_zones = { 1 }
}

# Define which indices in trees.bmp palette which should count as trees for automatic terrain assignment
tree = { 3 4 7 10 }
major_rivers = 
{ 
#Zebra Rivers:
797 798 799 800 801						#Zebzeben River; connects to Lake Strippas (968)
802 									#Amzebos River
#
#Changeling Rivers:
803										#Changinus
804 805 806								#Hibrodarbis and Chitalinas
#
#Saddle Arabian Rivers:
807 808 809 810 811 812 813 814 815 816	#Neighle River
817 818 819 820							#Sadalid River; connects to Marecca Sea (989)
#
#Griffon Rivers:
821 822 823								#Talonberis; connects to Maregian Sea (991,992)
824 825 826 827							#Redwing River
828 829 830 831 832	833					#Griflble River
834 835									#North Griffon River
836										#Iceka
837 338 839	840							#Greatwing River
#
#Diamond Hills Rivers:
841 842	843	844							#Diamond Hills River
#
#The North Rivers:
845 846 847 848 849	850					#Crystal River; connects to Lake Iceglass (1010, 1011, 1012)
#
#Unicornia Rivers:
851 852 853 854 855 856 857 858 859		#River Saddle
#
#Earth Rivers:
860 861 862 863 864	865 866				#River Equus; connects to Everlake (1041) and Lake Neighagra (1024)
#
#Hayseed Rivers:
867 868 869 870 871						#Hay River
#
#Badland Rivers:
872 									#Zebnyati
#
#Buffalonian Rivers:
873 874 								#River Ungala
}